// Jest Snapshot v1, https://goo.gl/fbAQLP

exports[`<MainLayout /> should render and match the snapshot 1`] = `
<div>
  <header
    class="header"
  >
    <a
      class="logo"
      href="/"
    >
      TS BOILERPLATE
    </a>
    <ul
      class="menu"
    >
      <li
        class="menuItem"
      >
        <a
          aria-current="page"
          class="active"
          href="/"
        >
          layout.main.menu.home
        </a>
      </li>
      <li
        class="menuItem"
      >
        <a
          href="/counter"
        >
          layout.main.menu.counter
        </a>
      </li>
      <li
        class="menuItem"
      >
        <a
          href="/advice"
        >
          layout.main.menu.advice
        </a>
      </li>
      <li
        class="menuItem"
      >
        <a
          href="/about"
        >
          layout.main.menu.about
        </a>
      </li>
      <li
        class="menuItem"
      >
        <div
          class="toggler"
          role="menu"
          tabindex="0"
        >
          <span
            class="title"
          />
          <ul
            class="menu"
          >
            <li
              class="menuItem"
              role="menuitem"
              tabindex="0"
            >
              en
            </li>
            <li
              class="menuItem"
              role="menuitem"
              tabindex="0"
            >
              ru
            </li>
          </ul>
        </div>
      </li>
      <li
        class="menuItem"
      >
        <div
          class="toggler"
          role="button"
          tabindex="0"
        >
          <span
            class="title"
          >
            dark
          </span>
        </div>
      </li>
    </ul>
  </header>
  <main
    class="content"
  >
    MainLayout
  </main>
  <footer
    class="footer"
  >
    <span
      class="footerLogo"
    >
      TS Boilerplate
    </span>
  </footer>
</div>
`;
