// Jest Snapshot v1, https://goo.gl/fbAQLP

exports[`<NetworkNotifier /> should render and match the snapshot 1`] = `
<div
  class="notifier notifierError"
>
  <div
    class="notifierClose"
  >
    <button
      class="button default small flat"
      type="button"
    >
      common.networkNotifier.close
    </button>
  </div>
  <span
    class="notifierMessage"
  >
    common.networkNotifier.disconnected
  </span>
</div>
`;
