// Jest Snapshot v1, https://goo.gl/fbAQLP

exports[`<NotFound /> should render and match the snapshot 1`] = `
<div
  class="content"
>
  <h1
    class="logo"
  >
    404
  </h1>
  <h2
    class="title"
  >
    Page Not Found!
  </h2>
  <span
    class="subtitle"
  >
    Oops, looks like that page doesn\`t exists
  </span>
  <a
    class="button"
    href="/"
  >
    Go Home
  </a>
</div>
`;
