// Jest Snapshot v1, https://goo.gl/fbAQLP

exports[`<Repos /> should render and match the snapshot 1`] = `
<div>
  <div
    class="content"
  >
    <input
      name="repository"
      placeholder="Enter repository name"
      type="text"
      value=""
    />
    <button
      class="button primary medium"
      title="Fetch repositories"
      type="button"
    >
      Fetch
    </button>
  </div>
</div>
`;
