// Jest Snapshot v1, https://goo.gl/fbAQLP

exports[`<Counter /> should render and match the snapshot 1`] = `
<div>
  <div
    class="content"
  >
    <div
      class="counter"
    >
      <button
        class="button primary medium"
        title="Decrement"
        type="button"
      >
        -
      </button>
      <span
        class="count"
      >
        0
      </span>
      <button
        class="button primary medium"
        title="Increment"
        type="button"
      >
        +
      </button>
    </div>
    <div
      class="info"
    >
      counter.info
    </div>
  </div>
</div>
`;
