// Jest Snapshot v1, https://goo.gl/fbAQLP

exports[`<Home /> should render and match the snapshot 1`] = `
<header
  class="header"
>
  <span
    class="logo"
  >
    TS BOILERPLATE
  </span>
  <ul
    class="menu"
  >
    <li
      class="menuItem"
    >
      <a
        href="/"
      >
        Home
      </a>
    </li>
    <li
      class="menuItem"
    >
      <a
        href="/counter"
      >
        Counter
      </a>
    </li>
    <li
      class="menuItem"
    >
      <a
        href="/about"
      >
        About
      </a>
    </li>
  </ul>
</header>
`;
