// Jest Snapshot v1, https://goo.gl/fbAQLP

exports[`<Home /> should render and match the snapshot 1`] = `
<div
  class="header"
>
  <h1
    class="title"
  >
    React Typescript Boilerplate
  </h1>
  <p
    class="subtitle"
  >
    A highly scalable, offline-first foundation with the best developer experience and a focus on performance and best practices.
  </p>
</div>
`;
